CPUs: 2/2, MHz: 800, Nodes: 1, Sockets: 1, Cores: 2, Threads: 1
