CPUs: 24/24, MHz: 2200, Nodes: 1, Sockets: 1, Cores: 24, Threads: 1
