CPUs: 16/16, MHz: 1064, Nodes: 2, Sockets: 1, Cores: 8, Threads: 1
