CPUs: 1/1, MHz: 697, Nodes: 1, Sockets: 1, Cores: 1, Threads: 1
