CPUs: 64/64, MHz: 2593, Nodes: 1, Sockets: 1, Cores: 64, Threads: 1
