CPUs: 2/2, MHz: 8, Nodes: 1, Sockets: 1, Cores: 2, Threads: 1
