CPUs: 48/48, MHz: 2100, Nodes: 8, Sockets: 1, Cores: 6, Threads: 1
